Info    2024-10-06 19:54:10  DevID:MV-CS016-10UC(DA0498828)  Source-Line:libMvCameraControl.so(CInterfaceManager.cpp-L0809)     Description:Current dynamic library path[/home/jqz/Desktop/OpenRM-2024_hik/demo/hik/hikSDK/lib/amd64/libMvCameraControl.so]     Solution:
Info    2024-10-06 19:54:10  DevID:MV-CS016-10UC(DA0498828)  Source-Line:libMvCameraControl.so(CInterfaceManager.cpp-L0812)     Description:CamCtl_Version: 3.2.1.0     Solution:
Info    2024-10-06 19:54:10  DevID:MV-CS016-10UC(DA0498828)  Source-Line:libMvCameraControl.so(CInterfaceManager.cpp-L0813)     Description:CamCtl_Description: BaseLine Build 20211203     Solution:
Info    2024-10-06 19:54:10  DevID:MV-CS016-10UC(DA0498828)  Source-Line:libMvCameraControl.so(CInterfaceManager.cpp-L0815)     Description:[MV_CC_CreateHandle] return[0x0]     Solution:
Info    2024-10-06 19:54:10  DevID:MV-CS016-10UC(DA0498828)  Source-Line:libMvCameraControl.so(CInterfaceManager.cpp-L6710)     Description:CamCtrl[0x3020100], U3V SDKVersion[0x3020100], DriverVersion[0x0]     Solution:
Info    2024-10-06 19:54:11  DevID:MV-CS016-10UC(DA0498828)  Source-Line:libMvCameraControl.so(CInterfaceManager.cpp-L4236)     Description:[MV_CC_InvalidateNodes] return[0x0]     Solution:
Info    2024-10-06 19:54:11  DevID:MV-CS016-10UC(DA0498828)  Source-Line:libMvCameraControl.so(CInterfaceManager.cpp-L1086)     Description:[MV_CC_OpenDevice] nPrivilegeMode[1], nSwitchoverKey[0], return[0x0]     Solution:
Error   2024-10-06 19:54:11  DevID:MV-CS016-10UC(DA0498828)  Source-Line:libMvCameraControl.so(XmlParse.cpp-L2712)     Description:SetNodeValue [Gain], [Value 60.000000 must be smaller than or equal 16.980700. : OutOfRangeException thrown in node 'Gain' while calling 'Gain.SetValue()' (file 'FloatT.h', line 85)]     Solution:
Info    2024-10-06 19:54:12  DevID:MV-CS016-10UC(DA0498828)  Source-Line:libMvCameraControl.so(CInterfaceManager.cpp-L1703)     Description:U3V, DeviceModelName[MV-CS016-10UC], DeviceFirmwareVersion[V2.1.2 220907884152 22083001], DeviceMaxThroughput[37500]     Solution:
Info    2024-10-06 19:54:12  DevID:MV-CS016-10UC(DA0498828)  Source-Line:libMvCameraControl.so(CInterfaceManager.cpp-L1708)     Description:U3V, Width[1440], Height[1080], OffsetX[0], OffsetY[0], PixelFormat[0x1080009], AcquisitionMode[2]     Solution:
Info    2024-10-06 19:54:12  DevID:MV-CS016-10UC(DA0498828)  Source-Line:libMvCameraControl.so(CInterfaceManager.cpp-L1713)     Description:U3V, TriggerMode[0], ResultingFrameRate[24.11], ExposureTime[40000.00], ExposureAuto[0], PayloadSize[1555200]     Solution:
Info    2024-10-06 19:54:12  DevID:MV-CS016-10UC(DA0498828)  Source-Line:libMvCameraControl.so(CInterfaceManager.cpp-L6083)     Description:CamCtrl Display Thread Start, ThreadId[1386219072]     Solution:
Info    2024-10-06 19:54:12  DevID:MV-CS016-10UC(DA0498828)  Source-Line:libMvCameraControl.so(CInterfaceManager.cpp-L6315)     Description:CamCtrl RecvThread Start, ThreadId[1396704832]     Solution:
Info    2024-10-06 19:54:12  DevID:MV-CS016-10UC(DA0498828)  Source-Line:libMvCameraControl.so(CInterfaceManager.cpp-L1795)     Description:There is no registration callback     Solution:
Info    2024-10-06 19:54:12  DevID:MV-CS016-10UC(DA0498828)  Source-Line:libMvCameraControl.so(CInterfaceManager.cpp-L1800)     Description:[MV_CC_StartGrabbing] return[0x0]     Solution:
Info    2024-10-06 20:00:43  DevID:MV-CS016-10UC(DA0498828)  Source-Line:libMvCameraControl.so(CInterfaceManager.cpp-L0809)     Description:Current dynamic library path[/home/jqz/Desktop/OpenRM-2024_hik/demo/hik/hikSDK/lib/amd64/libMvCameraControl.so]     Solution:
Info    2024-10-06 20:00:43  DevID:MV-CS016-10UC(DA0498828)  Source-Line:libMvCameraControl.so(CInterfaceManager.cpp-L0812)     Description:CamCtl_Version: 3.2.1.0     Solution:
Info    2024-10-06 20:00:43  DevID:MV-CS016-10UC(DA0498828)  Source-Line:libMvCameraControl.so(CInterfaceManager.cpp-L0813)     Description:CamCtl_Description: BaseLine Build 20211203     Solution:
Info    2024-10-06 20:00:43  DevID:MV-CS016-10UC(DA0498828)  Source-Line:libMvCameraControl.so(CInterfaceManager.cpp-L0815)     Description:[MV_CC_CreateHandle] return[0x0]     Solution:
Info    2024-10-06 20:00:43  DevID:MV-CS016-10UC(DA0498828)  Source-Line:libMvCameraControl.so(CInterfaceManager.cpp-L6710)     Description:CamCtrl[0x3020100], U3V SDKVersion[0x3020100], DriverVersion[0x0]     Solution:
Info    2024-10-06 20:00:44  DevID:MV-CS016-10UC(DA0498828)  Source-Line:libMvCameraControl.so(CInterfaceManager.cpp-L4236)     Description:[MV_CC_InvalidateNodes] return[0x0]     Solution:
Info    2024-10-06 20:00:44  DevID:MV-CS016-10UC(DA0498828)  Source-Line:libMvCameraControl.so(CInterfaceManager.cpp-L1086)     Description:[MV_CC_OpenDevice] nPrivilegeMode[1], nSwitchoverKey[0], return[0x0]     Solution:
Error   2024-10-06 20:00:44  DevID:MV-CS016-10UC(DA0498828)  Source-Line:libMvCameraControl.so(XmlParse.cpp-L2712)     Description:SetNodeValue [Gain], [Value 60.000000 must be smaller than or equal 16.980700. : OutOfRangeException thrown in node 'Gain' while calling 'Gain.SetValue()' (file 'FloatT.h', line 85)]     Solution:
Info    2024-10-06 20:00:44  DevID:MV-CS016-10UC(DA0498828)  Source-Line:libMvCameraControl.so(CInterfaceManager.cpp-L1703)     Description:U3V, DeviceModelName[MV-CS016-10UC], DeviceFirmwareVersion[V2.1.2 220907884152 22083001], DeviceMaxThroughput[37500]     Solution:
Info    2024-10-06 20:00:44  DevID:MV-CS016-10UC(DA0498828)  Source-Line:libMvCameraControl.so(CInterfaceManager.cpp-L1708)     Description:U3V, Width[1440], Height[1080], OffsetX[0], OffsetY[0], PixelFormat[0x1080009], AcquisitionMode[2]     Solution:
Info    2024-10-06 20:00:44  DevID:MV-CS016-10UC(DA0498828)  Source-Line:libMvCameraControl.so(CInterfaceManager.cpp-L1713)     Description:U3V, TriggerMode[0], ResultingFrameRate[24.11], ExposureTime[40000.00], ExposureAuto[0], PayloadSize[1555200]     Solution:
Info    2024-10-06 20:00:44  DevID:MV-CS016-10UC(DA0498828)  Source-Line:libMvCameraControl.so(CInterfaceManager.cpp-L6315)     Description:CamCtrl RecvThread Start, ThreadId[-2092956096]     Solution:
Info    2024-10-06 20:00:44  DevID:MV-CS016-10UC(DA0498828)  Source-Line:libMvCameraControl.so(CInterfaceManager.cpp-L6083)     Description:CamCtrl Display Thread Start, ThreadId[-2103441856]     Solution:
Info    2024-10-06 20:00:44  DevID:MV-CS016-10UC(DA0498828)  Source-Line:libMvCameraControl.so(CInterfaceManager.cpp-L1795)     Description:There is no registration callback     Solution:
Info    2024-10-06 20:00:44  DevID:MV-CS016-10UC(DA0498828)  Source-Line:libMvCameraControl.so(CInterfaceManager.cpp-L1800)     Description:[MV_CC_StartGrabbing] return[0x0]     Solution:
Info    2024-10-06 20:03:23  DevID:MV-CS016-10UC(DA0498828)  Source-Line:libMvCameraControl.so(CInterfaceManager.cpp-L0809)     Description:Current dynamic library path[/home/jqz/Desktop/OpenRM-2024_hik/demo/hik/hikSDK/lib/amd64/libMvCameraControl.so]     Solution:
Info    2024-10-06 20:03:23  DevID:MV-CS016-10UC(DA0498828)  Source-Line:libMvCameraControl.so(CInterfaceManager.cpp-L0812)     Description:CamCtl_Version: 3.2.1.0     Solution:
Info    2024-10-06 20:03:23  DevID:MV-CS016-10UC(DA0498828)  Source-Line:libMvCameraControl.so(CInterfaceManager.cpp-L0813)     Description:CamCtl_Description: BaseLine Build 20211203     Solution:
Info    2024-10-06 20:03:23  DevID:MV-CS016-10UC(DA0498828)  Source-Line:libMvCameraControl.so(CInterfaceManager.cpp-L0815)     Description:[MV_CC_CreateHandle] return[0x0]     Solution:
Info    2024-10-06 20:03:23  DevID:MV-CS016-10UC(DA0498828)  Source-Line:libMvCameraControl.so(CInterfaceManager.cpp-L6710)     Description:CamCtrl[0x3020100], U3V SDKVersion[0x3020100], DriverVersion[0x0]     Solution:
Info    2024-10-06 20:03:24  DevID:MV-CS016-10UC(DA0498828)  Source-Line:libMvCameraControl.so(CInterfaceManager.cpp-L4236)     Description:[MV_CC_InvalidateNodes] return[0x0]     Solution:
Info    2024-10-06 20:03:24  DevID:MV-CS016-10UC(DA0498828)  Source-Line:libMvCameraControl.so(CInterfaceManager.cpp-L1086)     Description:[MV_CC_OpenDevice] nPrivilegeMode[1], nSwitchoverKey[0], return[0x0]     Solution:
Error   2024-10-06 20:03:24  DevID:MV-CS016-10UC(DA0498828)  Source-Line:libMvCameraControl.so(XmlParse.cpp-L2712)     Description:SetNodeValue [Gain], [Value 60.000000 must be smaller than or equal 16.980700. : OutOfRangeException thrown in node 'Gain' while calling 'Gain.SetValue()' (file 'FloatT.h', line 85)]     Solution:
Info    2024-10-06 20:03:24  DevID:MV-CS016-10UC(DA0498828)  Source-Line:libMvCameraControl.so(CInterfaceManager.cpp-L1703)     Description:U3V, DeviceModelName[MV-CS016-10UC], DeviceFirmwareVersion[V2.1.2 220907884152 22083001], DeviceMaxThroughput[37500]     Solution:
Info    2024-10-06 20:03:24  DevID:MV-CS016-10UC(DA0498828)  Source-Line:libMvCameraControl.so(CInterfaceManager.cpp-L1708)     Description:U3V, Width[1440], Height[1080], OffsetX[0], OffsetY[0], PixelFormat[0x1080009], AcquisitionMode[2]     Solution:
Info    2024-10-06 20:03:24  DevID:MV-CS016-10UC(DA0498828)  Source-Line:libMvCameraControl.so(CInterfaceManager.cpp-L1713)     Description:U3V, TriggerMode[0], ResultingFrameRate[24.11], ExposureTime[40000.00], ExposureAuto[0], PayloadSize[1555200]     Solution:
Info    2024-10-06 20:03:24  DevID:MV-CS016-10UC(DA0498828)  Source-Line:libMvCameraControl.so(CInterfaceManager.cpp-L6315)     Description:CamCtrl RecvThread Start, ThreadId[-683669952]     Solution:
Info    2024-10-06 20:03:24  DevID:MV-CS016-10UC(DA0498828)  Source-Line:libMvCameraControl.so(CInterfaceManager.cpp-L6083)     Description:CamCtrl Display Thread Start, ThreadId[-694155712]     Solution:
Info    2024-10-06 20:03:24  DevID:MV-CS016-10UC(DA0498828)  Source-Line:libMvCameraControl.so(CInterfaceManager.cpp-L1795)     Description:There is no registration callback     Solution:
Info    2024-10-06 20:03:24  DevID:MV-CS016-10UC(DA0498828)  Source-Line:libMvCameraControl.so(CInterfaceManager.cpp-L1800)     Description:[MV_CC_StartGrabbing] return[0x0]     Solution:
